// Jest Snapshot v1, https://goo.gl/fbAQLP

exports[`MyComponent Render App component correctly 1`] = `
<div
  className="App"
>
  <div
    className="preloader"
  >
    <div
      className="spinner-grow text-info"
      role="status"
    />
  </div>
  <nav
    className="navbar navbar-dark navbar-expand-md elegant-color-dark"
    role="navigation"
  >
    <div
      className="navbar-brand"
    >
      <strong
        className="white-text"
      >
        RouteFinder
      </strong>
    </div>
    <button
      className="btn btn-amber btn-sm Ripple-parent toggleOptions"
      onClick={[Function]}
      onMouseUp={[Function]}
      onTouchStart={[Function]}
      type="button"
    >
      Toggle options
      <div
        className="Ripple "
        style={
          Object {
            "height": "0px",
            "left": "0px",
            "top": "0px",
            "width": "0px",
          }
        }
      />
    </button>
  </nav>
  <div
    className="container-fluid"
  >
    <div />
    <div
      className="row justify-content-around"
    >
      <div
        className="col-12 settings-wrapper z0"
      >
        <div
          className="card d-none"
        >
          <div
            className="card-body"
          >
            <h4
              className="card-title"
            >
              Settings
            </h4>
            <p
              className="card-text"
            >
              You can choose variant with arrows and press Enter to add a waypoint.
            </p>
            <div
              className="options"
            >
              <button
                className="btn btn-default btn-sm Ripple-parent"
                onClick={[Function]}
                onMouseUp={[Function]}
                onTouchStart={[Function]}
                type="button"
              >
                Create Route
                <div
                  className="Ripple "
                  style={
                    Object {
                      "height": "0px",
                      "left": "0px",
                      "top": "0px",
                      "width": "0px",
                    }
                  }
                />
              </button>
              <input
                className="switch-input"
                id="id-name--1"
                name="edit-mode"
                onChange={[Function]}
                type="checkbox"
              />
              <label
                className="switch-label"
                htmlFor="id-name--1"
              >
                Edit mode 
                <span
                  className="toggle--on"
                >
                  On
                </span>
                <span
                  className="toggle--off"
                >
                  Off
                </span>
              </label>
              <div
                className="btn-group-sm dropdown"
                onClick={[Function]}
                onKeyDown={[Function]}
                style={
                  Object {
                    "display": "inline-flex",
                  }
                }
              >
                <button
                  aria-expanded={false}
                  aria-haspopup={true}
                  className="btn btn-mdb-color Ripple-parent dropdown-toggle"
                  defaultValue=""
                  onClick={[Function]}
                  onMouseUp={[Function]}
                  onTouchStart={[Function]}
                  type="button"
                >
                  Travel Mode
                  <div
                    className="Ripple "
                    style={
                      Object {
                        "height": "0px",
                        "left": "0px",
                        "top": "0px",
                        "width": "0px",
                      }
                    }
                  />
                </button>
                <div
                  aria-hidden={true}
                  className="dropdown-menu"
                  role="menu"
                  tabIndex="-1"
                >
                  <button
                    className="dropdown-item"
                    onClick={[Function]}
                    tabIndex="0"
                    type="button"
                    value="DRIVING"
                  >
                    Driving
                  </button>
                  <button
                    className="dropdown-item"
                    onClick={[Function]}
                    tabIndex="0"
                    type="button"
                    value="BICYCLING"
                  >
                    Bicycling
                  </button>
                  <button
                    className="dropdown-item"
                    onClick={[Function]}
                    tabIndex="0"
                    type="button"
                    value="TRANSIT"
                  >
                    Transit
                  </button>
                  <button
                    className="dropdown-item"
                    onClick={[Function]}
                    tabIndex="0"
                    type="button"
                    value="WALKING"
                  >
                    Walking
                  </button>
                </div>
              </div>
            </div>
            <h3>
              Waypoints
            </h3>
            <ul
              className="list-group"
              style={
                Object {
                  "marginTop": "25px",
                }
              }
            >
              No waypoints created
            </ul>
            <h3
              style={
                Object {
                  "marginTop": "10px",
                }
              }
            >
              Routes
            </h3>
            <ul
              className="list-group"
              style={
                Object {
                  "marginTop": "25px",
                }
              }
            >
              No routes created
            </ul>
          </div>
        </div>
      </div>
      <div
        id="map"
      />
    </div>
  </div>
</div>
`;
